I'm sorry, but errors were detected in your script. Please correct the
errors listed below, and try again.


File "game/script.rpy", line 238: Indentation mismatch.
    def abrir_app(app_id):

Ren'Py Version: Ren'Py 8.5.2.26010301
Wed May 13 13:58:01 2026
